ID: 99, Subject: PT, Experiment: FIPS, Session: scan, Run: 1
Actual display pixels = (np.int64(3420), np.int64(2214))
Monitor: Macbook
Distance = 50 cm, Width = 42 cm
Pixel Width = 1440, Pixel Height = 900
Refresh Rate = 60 Hz
pRF render scale = 1.44140625; canvas = (234, 0, 2952, 2214)
Scanner TR = 2.000 s; planned run = 416.000 s (208 TRs). Stimulus schedule uses seconds from the first trigger.
Run 1 started at 2026-10-08 10:34:31
Pre-run fixation baseline = 15.000 s
[2026-10-08 10:34:46.613] Trial 1 Start; Condition=FrameOnly
[2026-10-08 10:34:54.646] Trial 1 Stimulus Off
Trial Duration: 23.033 seconds
[2026-10-08 10:35:00.613] Trial 2 Start; Condition=FrameOnly
[2026-10-08 10:35:08.646] Trial 2 Stimulus Off
Trial Duration: 13.998 seconds
[2026-10-08 10:35:14.612] Trial 3 Start; Condition=FrameOnly
[2026-10-08 10:35:22.646] Trial 3 Stimulus Off
Trial Duration: 13.999 seconds
[2026-10-08 10:35:28.612] Trial 4 Start; Condition=Perceptual
[2026-10-08 10:35:36.645] Trial 4 Stimulus Off
Trial Duration: 13.998 seconds
[2026-10-08 10:35:42.612] Trial 5 Start; Condition=Veridical
[2026-10-08 10:35:50.645] Trial 5 Stimulus Off
Trial Duration: 13.998 seconds
[2026-10-08 10:35:56.612] Trial 6 Start; Condition=Perceptual
[2026-10-08 10:36:04.645] Trial 6 Stimulus Off
Trial Duration: 13.999 seconds
[2026-10-08 10:36:10.611] Trial 7 Start; Condition=FIPS
[2026-10-08 10:36:18.645] Trial 7 Stimulus Off
Trial Duration: 13.998 seconds
[2026-10-08 10:36:24.611] Trial 8 Start; Condition=FIPS
[2026-10-08 10:36:32.644] Trial 8 Stimulus Off
Trial Duration: 13.998 seconds
[2026-10-08 10:36:38.611] Trial 9 Start; Condition=Perceptual
[2026-10-08 10:36:46.644] Trial 9 Stimulus Off
Trial Duration: 13.998 seconds
[2026-10-08 10:36:52.611] Trial 10 Start; Condition=FIPS
[2026-10-08 10:37:00.644] Trial 10 Stimulus Off
Trial Duration: 13.998 seconds
[2026-10-08 10:37:06.606] Trial 11 Start; Condition=Veridical
[2026-10-08 10:37:14.618] Trial 11 Stimulus Off
Trial Duration: 13.982 seconds
[2026-10-08 10:37:20.599] Trial 12 Start; Condition=FIPS
[2026-10-08 10:37:28.631] Trial 12 Stimulus Off
Trial Duration: 14.015 seconds
[2026-10-08 10:37:34.597] Trial 13 Start; Condition=Perceptual
[2026-10-08 10:37:42.629] Trial 13 Stimulus Off
Trial Duration: 13.998 seconds
[2026-10-08 10:37:48.595] Trial 14 Start; Condition=FrameOnly
[2026-10-08 10:37:56.628] Trial 14 Stimulus Off
Trial Duration: 13.998 seconds
[2026-10-08 10:38:02.595] Trial 15 Start; Condition=FIPS
[2026-10-08 10:38:10.628] Trial 15 Stimulus Off
Trial Duration: 13.998 seconds
[2026-10-08 10:38:16.594] Trial 16 Start; Condition=Perceptual
[2026-10-08 10:38:24.627] Trial 16 Stimulus Off
Trial Duration: 13.998 seconds
[2026-10-08 10:38:30.594] Trial 17 Start; Condition=FrameOnly
[2026-10-08 10:38:38.627] Trial 17 Stimulus Off
Trial Duration: 13.999 seconds
[2026-10-08 10:38:44.594] Trial 18 Start; Condition=Perceptual
[2026-10-08 10:38:52.627] Trial 18 Stimulus Off
Trial Duration: 13.998 seconds
[2026-10-08 10:38:58.594] Trial 19 Start; Condition=Veridical
[2026-10-08 10:39:06.627] Trial 19 Stimulus Off
Trial Duration: 13.998 seconds
[2026-10-08 10:39:12.593] Trial 20 Start; Condition=FIPS
[2026-10-08 10:39:20.626] Trial 20 Stimulus Off
Trial Duration: 13.998 seconds
[2026-10-08 10:39:26.593] Trial 21 Start; Condition=FrameOnly
[2026-10-08 10:39:34.626] Trial 21 Stimulus Off
Trial Duration: 13.998 seconds
[2026-10-08 10:39:40.593] Trial 22 Start; Condition=Veridical
[2026-10-08 10:39:48.626] Trial 22 Stimulus Off
Trial Duration: 13.998 seconds
[2026-10-08 10:39:54.592] Trial 23 Start; Condition=FIPS
[2026-10-08 10:40:02.625] Trial 23 Stimulus Off
Trial Duration: 13.998 seconds
[2026-10-08 10:40:08.592] Trial 24 Start; Condition=FrameOnly
[2026-10-08 10:40:16.625] Trial 24 Stimulus Off
Trial Duration: 13.998 seconds
[2026-10-08 10:40:22.592] Trial 25 Start; Condition=FrameOnly
[2026-10-08 10:40:30.625] Trial 25 Stimulus Off
Trial Duration: 13.998 seconds
[2026-10-08 10:40:36.592] Trial 26 Start; Condition=Perceptual
[2026-10-08 10:40:44.625] Trial 26 Stimulus Off
Trial Duration: 13.998 seconds
[2026-10-08 10:40:50.591] Trial 27 Start; Condition=Perceptual
[2026-10-08 10:40:58.624] Trial 27 Stimulus Off
Trial Duration: 13.997 seconds
[2026-10-08 10:41:04.591] Trial 28 Start; Condition=FIPS
[2026-10-08 10:41:12.624] Trial 28 Stimulus Off
Trial Duration: 13.998 seconds
Post-run fixation baseline = 15.000 s
The experiment took 416.004 seconds
15.2045 	WARNING 	User requested fullscreen with size [1440  900], but screen is actually [1710, 1107]. Using actual size
17.2529 	DATA 	Keypress: return
17.5098 	EXP 	Created window1 = Window(allowGUI=False, allowStencil=False, autoLog=True, backendConf=UNKNOWN, backgroundFit=<method-wrapper '__getattribute__' of attributeSetter object at 0x30cd02790>, backgroundImage=<method-wrapper '__getattribute__' of attributeSetter object at 0x30cd02510>, bitsMode=UNKNOWN, blendMode='avg', bpc=(8, 8, 8), color=array([-1, -1, -1]), colorSpace='rgb', depthBits=8, fullscr=True, gamma=None, gammaErrorPolicy='raise', infoMsg=UNKNOWN, lms=UNKNOWN, monitor=<psychopy.monitors.calibTools.Monitor object at 0x31018f750>, multiSample=False, name='window1', numSamples=2, pos=[np.float64(0.0), np.float64(0.0)], screen=0, size=array([3420, 2214]), stencilBits=0, stereo=False, title='PsychoPy', units='pix', useFBO=False, useRetina=True, viewOri=0.0, viewPos=None, viewScale=None, waitBlanking=True, winType='pyglet')
17.5098 	EXP 	window1: backgroundImage = None
17.5098 	EXP 	window1: backgroundFit = 'cover'
18.6432 	DATA 	Keypress: return
19.3495 	DATA 	Keypress: return
19.5405 	DATA 	Keypress: return
19.7096 	DATA 	Keypress: return
19.8566 	DATA 	Keypress: return
20.6026 	DATA 	Keypress: 5
466.5055 	DATA 	Keypress: return
