ID: 99, Subject: PT, Experiment: FIPS, Session: scan, Run: 4
Actual display pixels = (np.int64(1024), np.int64(768))
Monitor: Scanner
Distance = 113.7 cm, Width = 35.4 cm
Pixel Width = 1024, Pixel Height = 768
Refresh Rate = 60 Hz
pRF render scale = 1.0; canvas = None
Run 4 started at 2026-10-04 12:00:02
Pre-run fixation baseline = 15.000 s
[2026-10-04 12:00:17.710] Trial 1 Start; Condition=Perceptual
[2026-10-04 12:00:25.744] Trial 1 Stimulus Off
Trial Duration: 22.996 seconds
[2026-10-04 12:00:31.710] Trial 2 Start; Condition=FIPS
[2026-10-04 12:00:39.742] Trial 2 Stimulus Off
Trial Duration: 14.005 seconds
[2026-10-04 12:00:45.709] Trial 3 Start; Condition=FIPS
[2026-10-04 12:00:53.727] Trial 3 Stimulus Off
Trial Duration: 13.973 seconds
[2026-10-04 12:00:59.707] Trial 4 Start; Condition=Veridical
[2026-10-04 12:01:07.740] Trial 4 Stimulus Off
Trial Duration: 14.012 seconds
[2026-10-04 12:01:13.706] Trial 5 Start; Condition=Veridical
[2026-10-04 12:01:21.739] Trial 5 Stimulus Off
Trial Duration: 13.997 seconds
[2026-10-04 12:01:27.705] Trial 6 Start; Condition=FrameOnly
[2026-10-04 12:01:35.737] Trial 6 Stimulus Off
Trial Duration: 13.997 seconds
[2026-10-04 12:01:41.705] Trial 7 Start; Condition=Perceptual
11.2312 	EXP 	Created window1 = Window(allowGUI=False, allowStencil=False, autoLog=True, backendConf=UNKNOWN, backgroundFit=<method-wrapper '__getattribute__' of attributeSetter object at 0x0000015A5DC06F20>, backgroundImage=<method-wrapper '__getattribute__' of attributeSetter object at 0x0000015A5DC062C0>, bitsMode=UNKNOWN, blendMode='avg', bpc=(8, 8, 8), color=array([-1, -1, -1]), colorSpace='rgb', depthBits=8, fullscr=True, gamma=None, gammaErrorPolicy='raise', infoMsg=UNKNOWN, lms=UNKNOWN, monitor=<psychopy.monitors.calibTools.Monitor object at 0x0000015A684CB5E0>, multiSample=False, name='window1', numSamples=2, pos=(0, 0), screen=0, size=array([1024,  768]), stencilBits=0, stereo=False, title='PsychoPy', units='pix', useFBO=False, useRetina=False, viewOri=0.0, viewPos=None, viewScale=None, waitBlanking=True, winType='pyglet')
11.2313 	EXP 	window1: backgroundImage = None
11.2313 	EXP 	window1: backgroundFit = 'cover'
18.8906 	DATA 	Mouse: Left button down, pos=(512,384)
19.0643 	DATA 	Mouse:  Left button up, pos=(512,384)
25.3294 	DATA 	Keypress: d
26.6052 	DATA 	Keypress: d
27.1094 	DATA 	Keypress: d
28.2695 	DATA 	Keypress: 5
17.6278 	WARNING 	t of last frame was 19.78ms (=1/50)
92.4555 	WARNING 	t of last frame was 19.70ms (=1/50)
99.9027 	DATA 	Keypress: escape
