ID: 99, Subject: PT, Experiment: FIPS, Session: scan, Run: 7
Actual display pixels = (np.int64(1024), np.int64(768))
Monitor: Scanner
Distance = 113.7 cm, Width = 35.4 cm
Pixel Width = 1024, Pixel Height = 768
Refresh Rate = 60 Hz
pRF render scale = 1.0; canvas = None
Run 7 started at 2026-10-05 14:14:55
Pre-run fixation baseline = 15.000 s
[2026-10-05 14:15:10.950] Trial 1 Start; Condition=FrameOnly
[2026-10-05 14:15:18.984] Trial 1 Stimulus Off
Trial Duration: 23.037 seconds
[2026-10-05 14:15:24.949] Trial 2 Start; Condition=Perceptual
[2026-10-05 14:15:32.965] Trial 2 Stimulus Off
Trial Duration: 13.987 seconds
[2026-10-05 14:15:38.948] Trial 3 Start; Condition=Veridical
[2026-10-05 14:15:46.981] Trial 3 Stimulus Off
Trial Duration: 14.005 seconds
11.6422 	EXP 	Created window1 = Window(allowGUI=False, allowStencil=False, autoLog=True, backendConf=UNKNOWN, backgroundFit=<method-wrapper '__getattribute__' of attributeSetter object at 0x000001929E8574F0>, backgroundImage=<method-wrapper '__getattribute__' of attributeSetter object at 0x000001929E857550>, bitsMode=UNKNOWN, blendMode='avg', bpc=(8, 8, 8), color=array([-1, -1, -1]), colorSpace='rgb', depthBits=8, fullscr=True, gamma=None, gammaErrorPolicy='raise', infoMsg=UNKNOWN, lms=UNKNOWN, monitor=<psychopy.monitors.calibTools.Monitor object at 0x000001929FF71D50>, multiSample=False, name='window1', numSamples=2, pos=(0, 0), screen=0, size=array([1024,  768]), stencilBits=0, stereo=False, title='PsychoPy', units='pix', useFBO=False, useRetina=False, viewOri=0.0, viewPos=None, viewScale=None, waitBlanking=True, winType='pyglet')
11.6422 	EXP 	window1: backgroundImage = None
11.6422 	EXP 	window1: backgroundFit = 'cover'
12.8458 	DATA 	Keypress: return
13.3093 	DATA 	Keypress: return
14.3559 	DATA 	Keypress: return
15.0809 	DATA 	Keypress: 5
29.0770 	WARNING 	t of last frame was 19.69ms (=1/50)
55.7067 	DATA 	Keypress: escape
