ID: 99, Subject: PT, Experiment: FIPS, Session: scan, Run: 9
Actual display pixels = (np.int64(1024), np.int64(768))
Monitor: Scanner
Distance = 113.7 cm, Width = 35.4 cm
Pixel Width = 1024, Pixel Height = 768
Refresh Rate = 60 Hz
pRF render scale = 1.0; canvas = None
Run 9 started at 2026-10-05 14:22:06
Pre-run fixation baseline = 15.000 s
[2026-10-05 14:22:21.425] Trial 1 Start; Condition=Perceptual
[2026-10-05 14:22:29.457] Trial 1 Stimulus Off
Trial Duration: 23.037 seconds
[2026-10-05 14:22:35.424] Trial 2 Start; Condition=FrameOnly
[2026-10-05 14:22:43.457] Trial 2 Stimulus Off
Trial Duration: 14.006 seconds
[2026-10-05 14:22:49.424] Trial 3 Start; Condition=FIPS
[2026-10-05 14:22:57.457] Trial 3 Stimulus Off
Trial Duration: 13.989 seconds
[2026-10-05 14:23:03.422] Trial 4 Start; Condition=Perceptual
[2026-10-05 14:23:11.455] Trial 4 Stimulus Off
Trial Duration: 13.996 seconds
[2026-10-05 14:23:17.422] Trial 5 Start; Condition=FIPS
[2026-10-05 14:23:25.454] Trial 5 Stimulus Off
Trial Duration: 13.999 seconds
[2026-10-05 14:23:31.419] Trial 6 Start; Condition=FrameOnly
[2026-10-05 14:23:39.453] Trial 6 Stimulus Off
Trial Duration: 13.996 seconds
[2026-10-05 14:23:45.418] Trial 7 Start; Condition=Veridical
11.0408 	EXP 	Created window1 = Window(allowGUI=False, allowStencil=False, autoLog=True, backendConf=UNKNOWN, backgroundFit=<method-wrapper '__getattribute__' of attributeSetter object at 0x000002915BA512D0>, backgroundImage=<method-wrapper '__getattribute__' of attributeSetter object at 0x000002915BA50D60>, bitsMode=UNKNOWN, blendMode='avg', bpc=(8, 8, 8), color=array([-1, -1, -1]), colorSpace='rgb', depthBits=8, fullscr=True, gamma=None, gammaErrorPolicy='raise', infoMsg=UNKNOWN, lms=UNKNOWN, monitor=<psychopy.monitors.calibTools.Monitor object at 0x000002915BA9A3E0>, multiSample=False, name='window1', numSamples=2, pos=(0, 0), screen=0, size=array([1024,  768]), stencilBits=0, stereo=False, title='PsychoPy', units='pix', useFBO=False, useRetina=False, viewOri=0.0, viewPos=None, viewScale=None, waitBlanking=True, winType='pyglet')
11.0408 	EXP 	window1: backgroundImage = None
11.0408 	EXP 	window1: backgroundFit = 'cover'
12.5170 	DATA 	Keypress: return
12.7807 	DATA 	Keypress: return
13.0939 	DATA 	Keypress: return
14.2620 	DATA 	Keypress: 5
104.2367 	DATA 	Keypress: escape
