ID: 99, Subject: PT, Experiment: FIPS, Session: scan, Run: 3
Actual display pixels = (np.int64(1024), np.int64(768))
Monitor: Scanner
Distance = 113.7 cm, Width = 47.5 cm
Pixel Width = 1024, Pixel Height = 768
Refresh Rate = 60 Hz
pRF render scale = 1.0; canvas = None
Run 3 started at 2026-10-04 11:57:37
Pre-run fixation baseline = 15.000 s
[2026-10-04 11:57:52.774] Trial 1 Start; Condition=Veridical
[2026-10-04 11:58:00.810] Trial 1 Stimulus Off
Trial Duration: 23.043 seconds
[2026-10-04 11:58:06.773] Trial 2 Start; Condition=FrameOnly
10.7811 	EXP 	Created window1 = Window(allowGUI=False, allowStencil=False, autoLog=True, backendConf=UNKNOWN, backgroundFit=<method-wrapper '__getattribute__' of attributeSetter object at 0x0000021985532EF0>, backgroundImage=<method-wrapper '__getattribute__' of attributeSetter object at 0x0000021985532E90>, bitsMode=UNKNOWN, blendMode='avg', bpc=(8, 8, 8), color=array([-1, -1, -1]), colorSpace='rgb', depthBits=8, fullscr=True, gamma=None, gammaErrorPolicy='raise', infoMsg=UNKNOWN, lms=UNKNOWN, monitor=<psychopy.monitors.calibTools.Monitor object at 0x00000219875B1F90>, multiSample=False, name='window1', numSamples=2, pos=(0, 0), screen=0, size=array([1024,  768]), stencilBits=0, stereo=False, title='PsychoPy', units='pix', useFBO=False, useRetina=False, viewOri=0.0, viewPos=None, viewScale=None, waitBlanking=True, winType='pyglet')
10.7811 	EXP 	window1: backgroundImage = None
10.7812 	EXP 	window1: backgroundFit = 'cover'
14.6996 	DATA 	Mouse: Left button down, pos=(510,382)
14.7971 	DATA 	Mouse:  Left button up, pos=(510,382)
15.3076 	DATA 	Keypress: return
16.0477 	DATA 	Keypress: return
16.5254 	DATA 	Keypress: return
17.7660 	DATA 	Keypress: 5
33.2300 	WARNING 	t of last frame was 19.69ms (=1/50)
34.1441 	DATA 	Keypress: escape
