ID: 99, Subject: PT, Experiment: FIPS, Session: scan, Run: 8
Actual display pixels = (np.int64(1024), np.int64(768))
Monitor: Scanner
Distance = 113.7 cm, Width = 35.4 cm
Pixel Width = 1024, Pixel Height = 768
Refresh Rate = 60 Hz
pRF render scale = 1.0; canvas = None
Run 8 started at 2026-10-05 14:17:59
Pre-run fixation baseline = 15.000 s
[2026-10-05 14:18:14.355] Trial 1 Start; Condition=FrameOnly
[2026-10-05 14:18:22.370] Trial 1 Stimulus Off
Trial Duration: 23.023 seconds
[2026-10-05 14:18:28.353] Trial 2 Start; Condition=Veridical
[2026-10-05 14:18:36.386] Trial 2 Stimulus Off
Trial Duration: 14.021 seconds
[2026-10-05 14:18:42.354] Trial 3 Start; Condition=FrameOnly
[2026-10-05 14:18:50.385] Trial 3 Stimulus Off
Trial Duration: 13.989 seconds
[2026-10-05 14:18:56.353] Trial 4 Start; Condition=Perceptual
[2026-10-05 14:19:04.384] Trial 4 Stimulus Off
Trial Duration: 13.997 seconds
[2026-10-05 14:19:10.352] Trial 5 Start; Condition=Veridical
[2026-10-05 14:19:18.383] Trial 5 Stimulus Off
Trial Duration: 13.997 seconds
[2026-10-05 14:19:24.350] Trial 6 Start; Condition=FIPS
8.7949 	EXP 	Created window1 = Window(allowGUI=False, allowStencil=False, autoLog=True, backendConf=UNKNOWN, backgroundFit=<method-wrapper '__getattribute__' of attributeSetter object at 0x0000026794771180>, backgroundImage=<method-wrapper '__getattribute__' of attributeSetter object at 0x0000026794771480>, bitsMode=UNKNOWN, blendMode='avg', bpc=(8, 8, 8), color=array([-1, -1, -1]), colorSpace='rgb', depthBits=8, fullscr=True, gamma=None, gammaErrorPolicy='raise', infoMsg=UNKNOWN, lms=UNKNOWN, monitor=<psychopy.monitors.calibTools.Monitor object at 0x000002679F0BA650>, multiSample=False, name='window1', numSamples=2, pos=(0, 0), screen=0, size=array([1024,  768]), stencilBits=0, stereo=False, title='PsychoPy', units='pix', useFBO=False, useRetina=False, viewOri=0.0, viewPos=None, viewScale=None, waitBlanking=True, winType='pyglet')
8.7949 	EXP 	window1: backgroundImage = None
8.7949 	EXP 	window1: backgroundFit = 'cover'
9.2012 	DATA 	Keypress: return
9.7518 	DATA 	Keypress: return
10.1845 	DATA 	Keypress: return
11.0315 	DATA 	Keypress: 5
21.1315 	WARNING 	t of last frame was 19.90ms (=1/50)
89.0433 	DATA 	Keypress: escape
