ID: 99, Subject: PT, Experiment: FIPS, Session: scan, Run: 5
Actual display pixels = (np.int64(1024), np.int64(768))
Monitor: Scanner
Distance = 113.7 cm, Width = 35.4 cm
Pixel Width = 1024, Pixel Height = 768
Refresh Rate = 60 Hz
pRF render scale = 1.0; canvas = None
Run 5 started at 2026-10-04 12:03:15
Pre-run fixation baseline = 15.000 s
[2026-10-04 12:03:30.695] Trial 1 Start; Condition=Veridical
[2026-10-04 12:03:38.724] Trial 1 Stimulus Off
Trial Duration: 22.992 seconds
[2026-10-04 12:03:44.701] Trial 2 Start; Condition=FrameOnly
[2026-10-04 12:03:52.733] Trial 2 Stimulus Off
Trial Duration: 14.017 seconds
[2026-10-04 12:03:58.694] Trial 3 Start; Condition=Perceptual
[2026-10-04 12:04:06.725] Trial 3 Stimulus Off
Trial Duration: 13.981 seconds
[2026-10-04 12:04:12.703] Trial 4 Start; Condition=FIPS
[2026-10-04 12:04:20.733] Trial 4 Stimulus Off
Trial Duration: 14.007 seconds
[2026-10-04 12:04:26.693] Trial 5 Start; Condition=Veridical
[2026-10-04 12:04:34.725] Trial 5 Stimulus Off
Trial Duration: 13.991 seconds
[2026-10-04 12:04:40.704] Trial 6 Start; Condition=Perceptual
[2026-10-04 12:04:48.735] Trial 6 Stimulus Off
Trial Duration: 14.008 seconds
[2026-10-04 12:04:54.695] Trial 7 Start; Condition=FrameOnly
[2026-10-04 12:05:02.725] Trial 7 Stimulus Off
Trial Duration: 13.989 seconds
10.1640 	EXP 	Created window1 = Window(allowGUI=False, allowStencil=False, autoLog=True, backendConf=UNKNOWN, backgroundFit=<method-wrapper '__getattribute__' of attributeSetter object at 0x000001CE38404CD0>, backgroundImage=<method-wrapper '__getattribute__' of attributeSetter object at 0x000001CE38404D30>, bitsMode=UNKNOWN, blendMode='avg', bpc=(8, 8, 8), color=array([-1, -1, -1]), colorSpace='rgb', depthBits=8, fullscr=True, gamma=None, gammaErrorPolicy='raise', infoMsg=UNKNOWN, lms=UNKNOWN, monitor=<psychopy.monitors.calibTools.Monitor object at 0x000001CE2C2798D0>, multiSample=False, name='window1', numSamples=2, pos=(0, 0), screen=0, size=array([1024,  768]), stencilBits=0, stereo=False, title='PsychoPy', units='pix', useFBO=False, useRetina=False, viewOri=0.0, viewPos=None, viewScale=None, waitBlanking=True, winType='pyglet')
10.1640 	EXP 	window1: backgroundImage = None
10.1641 	EXP 	window1: backgroundFit = 'cover'
15.6685 	DATA 	Mouse: Left button down, pos=(512,384)
15.8009 	DATA 	Mouse:  Left button up, pos=(512,384)
19.8197 	DATA 	Keypress: space
20.5609 	DATA 	Keypress: space
20.9704 	DATA 	Keypress: space
22.1795 	DATA 	Keypress: 5
19.1092 	WARNING 	t of last frame was 19.69ms (=1/50)
45.2736 	WARNING 	t of last frame was 19.71ms (=1/50)
46.6090 	WARNING 	t of last frame was 19.73ms (=1/50)
75.2612 	WARNING 	t of last frame was 19.69ms (=1/50)
105.6832 	WARNING 	Multiple dropped frames have occurred - I'll stop bothering you about them!
110.1889 	DATA 	Keypress: escape
