ID: 99, Subject: PT, Experiment: FIPS, Session: scan, Run: 10
Actual display pixels = (np.int64(1024), np.int64(768))
Monitor: Scanner
Distance = 113.7 cm, Width = 35.4 cm
Pixel Width = 1024, Pixel Height = 768
Refresh Rate = 60 Hz
pRF render scale = 1.0; canvas = None
Run 10 started at 2026-10-05 14:26:37
Pre-run fixation baseline = 15.000 s
[2026-10-05 14:26:52.172] Trial 1 Start; Condition=Veridical
[2026-10-05 14:27:00.189] Trial 1 Stimulus Off
Trial Duration: 23.019 seconds
[2026-10-05 14:27:06.172] Trial 2 Start; Condition=FrameOnly
[2026-10-05 14:27:14.203] Trial 2 Stimulus Off
Trial Duration: 14.022 seconds
[2026-10-05 14:27:20.171] Trial 3 Start; Condition=FIPS
[2026-10-05 14:27:28.203] Trial 3 Stimulus Off
Trial Duration: 13.989 seconds
9.6333 	EXP 	Created window1 = Window(allowGUI=False, allowStencil=False, autoLog=True, backendConf=UNKNOWN, backgroundFit=<method-wrapper '__getattribute__' of attributeSetter object at 0x000001D8A1D966B0>, backgroundImage=<method-wrapper '__getattribute__' of attributeSetter object at 0x000001D8A1D96C80>, bitsMode=UNKNOWN, blendMode='avg', bpc=(8, 8, 8), color=array([-1, -1, -1]), colorSpace='rgb', depthBits=8, fullscr=True, gamma=None, gammaErrorPolicy='raise', infoMsg=UNKNOWN, lms=UNKNOWN, monitor=<psychopy.monitors.calibTools.Monitor object at 0x000001D8A36ACC10>, multiSample=False, name='window1', numSamples=2, pos=(0, 0), screen=0, size=array([1024,  768]), stencilBits=0, stereo=False, title='PsychoPy', units='pix', useFBO=False, useRetina=False, viewOri=0.0, viewPos=None, viewScale=None, waitBlanking=True, winType='pyglet')
9.6333 	EXP 	window1: backgroundImage = None
9.6334 	EXP 	window1: backgroundFit = 'cover'
11.0320 	DATA 	Keypress: return
11.2101 	DATA 	Keypress: return
11.3551 	DATA 	Keypress: return
11.5456 	DATA 	Keypress: return
12.3246 	DATA 	Keypress: 5
51.0698 	DATA 	Keypress: escape
ID: 99, Subject: PT, Experiment: FIPS, Session: scan, Run: 10
Actual display pixels = (np.int64(1024), np.int64(768))
Monitor: Scanner
Distance = 113.7 cm, Width = 35.4 cm
Pixel Width = 1024, Pixel Height = 768
Refresh Rate = 60 Hz
pRF render scale = 1.0; canvas = None
Run 10 started at 2026-10-05 14:33:31
Pre-run fixation baseline = 15.000 s
[2026-10-05 14:33:46.146] Trial 1 Start; Condition=FrameOnly
[2026-10-05 14:33:54.161] Trial 1 Stimulus Off
Trial Duration: 23.024 seconds
9.0896 	DATA 	Keypress: return
9.2891 	DATA 	Keypress: return
9.4378 	EXP 	Created window1 = Window(allowGUI=False, allowStencil=False, autoLog=True, backendConf=UNKNOWN, backgroundFit=<method-wrapper '__getattribute__' of attributeSetter object at 0x000001AC1B7E54E0>, backgroundImage=<method-wrapper '__getattribute__' of attributeSetter object at 0x000001AC1B7E56F0>, bitsMode=UNKNOWN, blendMode='avg', bpc=(8, 8, 8), color=array([-1, -1, -1]), colorSpace='rgb', depthBits=8, fullscr=True, gamma=None, gammaErrorPolicy='raise', infoMsg=UNKNOWN, lms=UNKNOWN, monitor=<psychopy.monitors.calibTools.Monitor object at 0x000001AC1E7128C0>, multiSample=False, name='window1', numSamples=2, pos=(0, 0), screen=0, size=array([1024,  768]), stencilBits=0, stereo=False, title='PsychoPy', units='pix', useFBO=False, useRetina=False, viewOri=0.0, viewPos=None, viewScale=None, waitBlanking=True, winType='pyglet')
9.4379 	EXP 	window1: backgroundImage = None
9.4379 	EXP 	window1: backgroundFit = 'cover'
10.5150 	DATA 	Keypress: 5
10.8895 	DATA 	Keypress: 5
11.0611 	DATA 	Keypress: 5
12.1563 	DATA 	Keypress: 5
26.8964 	DATA 	Keypress: escape
ID: 99, Subject: PT, Experiment: FIPS, Session: scan, Run: 10
Actual display pixels = (np.int64(1024), np.int64(768))
Monitor: Scanner
Distance = 113.7 cm, Width = 35.4 cm
Pixel Width = 1024, Pixel Height = 768
Refresh Rate = 60 Hz
pRF render scale = 1.0; canvas = None
Run 10 started at 2026-10-05 14:34:21
Pre-run fixation baseline = 15.000 s
[2026-10-05 14:34:36.227] Trial 1 Start; Condition=FIPS
9.0798 	DATA 	Keypress: return
10.2629 	EXP 	Created window1 = Window(allowGUI=False, allowStencil=False, autoLog=True, backendConf=UNKNOWN, backgroundFit=<method-wrapper '__getattribute__' of attributeSetter object at 0x0000025432F8F280>, backgroundImage=<method-wrapper '__getattribute__' of attributeSetter object at 0x0000025432F8F2E0>, bitsMode=UNKNOWN, blendMode='avg', bpc=(8, 8, 8), color=array([-1, -1, -1]), colorSpace='rgb', depthBits=8, fullscr=True, gamma=None, gammaErrorPolicy='raise', infoMsg=UNKNOWN, lms=UNKNOWN, monitor=<psychopy.monitors.calibTools.Monitor object at 0x00000254371319C0>, multiSample=False, name='window1', numSamples=2, pos=(0, 0), screen=0, size=array([1024,  768]), stencilBits=0, stereo=False, title='PsychoPy', units='pix', useFBO=False, useRetina=False, viewOri=0.0, viewPos=None, viewScale=None, waitBlanking=True, winType='pyglet')
10.2629 	EXP 	window1: backgroundImage = None
10.2629 	EXP 	window1: backgroundFit = 'cover'
11.0445 	DATA 	Keypress: 5
11.4043 	DATA 	Keypress: 5
11.5851 	DATA 	Keypress: 5
12.6610 	DATA 	Keypress: 5
17.2349 	DATA 	Keypress: escape
ID: 99, Subject: PT, Experiment: FIPS, Session: scan, Run: 10
Actual display pixels = (np.int64(1024), np.int64(768))
Monitor: Scanner
Distance = 113.7 cm, Width = 35.4 cm
Pixel Width = 1024, Pixel Height = 768
Refresh Rate = 60 Hz
pRF render scale = 1.0; canvas = None
Run 10 started at 2026-10-05 14:35:19
Pre-run fixation baseline = 15.000 s
[2026-10-05 14:35:34.956] Trial 1 Start; Condition=Perceptual
[2026-10-05 14:35:42.988] Trial 1 Stimulus Off
Trial Duration: 23.031 seconds
[2026-10-05 14:35:48.956] Trial 2 Start; Condition=FrameOnly
[2026-10-05 14:35:56.989] Trial 2 Stimulus Off
Trial Duration: 13.999 seconds
[2026-10-05 14:36:02.954] Trial 3 Start; Condition=FrameOnly
[2026-10-05 14:36:10.970] Trial 3 Stimulus Off
Trial Duration: 13.980 seconds
[2026-10-05 14:36:16.953] Trial 4 Start; Condition=FIPS
[2026-10-05 14:36:24.986] Trial 4 Stimulus Off
Trial Duration: 14.014 seconds
13.1506 	EXP 	Created window1 = Window(allowGUI=False, allowStencil=False, autoLog=True, backendConf=UNKNOWN, backgroundFit=<method-wrapper '__getattribute__' of attributeSetter object at 0x000002644DA574C0>, backgroundImage=<method-wrapper '__getattribute__' of attributeSetter object at 0x000002644DA57D60>, bitsMode=UNKNOWN, blendMode='avg', bpc=(8, 8, 8), color=array([-1, -1, -1]), colorSpace='rgb', depthBits=8, fullscr=True, gamma=None, gammaErrorPolicy='raise', infoMsg=UNKNOWN, lms=UNKNOWN, monitor=<psychopy.monitors.calibTools.Monitor object at 0x0000026458EFBDC0>, multiSample=False, name='window1', numSamples=2, pos=(0, 0), screen=0, size=array([1024,  768]), stencilBits=0, stereo=False, title='PsychoPy', units='pix', useFBO=False, useRetina=False, viewOri=0.0, viewPos=None, viewScale=None, waitBlanking=True, winType='pyglet')
13.1506 	EXP 	window1: backgroundImage = None
13.1506 	EXP 	window1: backgroundFit = 'cover'
14.8952 	DATA 	Keypress: return
15.0458 	DATA 	Keypress: return
15.1735 	DATA 	Keypress: return
15.5911 	DATA 	Keypress: return
16.5792 	DATA 	Keypress: 5
18.6063 	WARNING 	t of last frame was 19.71ms (=1/50)
66.6172 	DATA 	Keypress: escape
66.6173 	DATA 	Keypress: quoteleft
ID: 99, Subject: PT, Experiment: FIPS, Session: scan, Run: 10
Actual display pixels = (np.int64(1024), np.int64(768))
Monitor: Scanner
Distance = 113.7 cm, Width = 35.4 cm
Pixel Width = 1024, Pixel Height = 768
Refresh Rate = 60 Hz
pRF render scale = 1.0; canvas = None
Run 10 started at 2026-10-05 14:37:48
Pre-run fixation baseline = 15.000 s
7.8752 	DATA 	Keypress: escape
8.7221 	EXP 	Created window1 = Window(allowGUI=False, allowStencil=False, autoLog=True, backendConf=UNKNOWN, backgroundFit=<method-wrapper '__getattribute__' of attributeSetter object at 0x000001CB9EFD8370>, backgroundImage=<method-wrapper '__getattribute__' of attributeSetter object at 0x000001CB9EFD8250>, bitsMode=UNKNOWN, blendMode='avg', bpc=(8, 8, 8), color=array([-1, -1, -1]), colorSpace='rgb', depthBits=8, fullscr=True, gamma=None, gammaErrorPolicy='raise', infoMsg=UNKNOWN, lms=UNKNOWN, monitor=<psychopy.monitors.calibTools.Monitor object at 0x000001CBA3579600>, multiSample=False, name='window1', numSamples=2, pos=(0, 0), screen=0, size=array([1024,  768]), stencilBits=0, stereo=False, title='PsychoPy', units='pix', useFBO=False, useRetina=False, viewOri=0.0, viewPos=None, viewScale=None, waitBlanking=True, winType='pyglet')
8.7221 	EXP 	window1: backgroundImage = None
8.7221 	EXP 	window1: backgroundFit = 'cover'
9.6196 	WARNING 	No default speaker specified in Preferences / Hardware, using first speaker found: Microsoft Sound Mapper - Output
9.6196 	EXP 	: sampleRate = 44100
9.6196 	EXP 	: channels = 2
9.6264 	EXP 	: sampleRate = 44100
9.6650 	WARNING 	No default speaker specified in Preferences / Hardware, using first speaker found: Microsoft Sound Mapper - Output
9.6650 	EXP 	: sampleRate = 44100
9.6651 	EXP 	: channels = 2
9.6716 	EXP 	: sampleRate = 44100
9.6724 	WARNING 	No default speaker specified in Preferences / Hardware, using first speaker found: Microsoft Sound Mapper - Output
9.6724 	EXP 	: sampleRate = 44100
9.6724 	EXP 	: channels = 2
9.6770 	EXP 	: sampleRate = 44100
9.7351 	DATA 	Keypress: escape
9.7355 	DATA 	Keypress: escape
9.7358 	DATA 	Keypress: escape
9.7360 	DATA 	Keypress: escape
9.7362 	DATA 	Keypress: escape
9.7364 	DATA 	Keypress: escape
9.7366 	DATA 	Keypress: escape
10.2540 	DATA 	Keypress: escape
10.4218 	DATA 	Keypress: escape
10.6056 	DATA 	Keypress: escape
10.7779 	DATA 	Keypress: escape
11.1514 	DATA 	Keypress: escape
11.6515 	DATA 	Keypress: 5
ID: 99, Subject: PT, Experiment: FIPS, Session: scan, Run: 10
Actual display pixels = (np.int64(1024), np.int64(768))
Monitor: Scanner
Distance = 113.7 cm, Width = 35.4 cm
Pixel Width = 1024, Pixel Height = 768
Refresh Rate = 60 Hz
pRF render scale = 1.0; canvas = None
Run 10 started at 2026-10-05 14:38:04
Pre-run fixation baseline = 15.000 s
[2026-10-05 14:38:19.665] Trial 1 Start; Condition=Veridical
[2026-10-05 14:38:27.695] Trial 1 Stimulus Off
Trial Duration: 23.026 seconds
[2026-10-05 14:38:33.679] Trial 2 Start; Condition=FIPS
[2026-10-05 14:38:41.712] Trial 2 Stimulus Off
Trial Duration: 14.015 seconds
[2026-10-05 14:38:47.678] Trial 3 Start; Condition=Perceptual
[2026-10-05 14:38:55.710] Trial 3 Stimulus Off
Trial Duration: 13.997 seconds
[2026-10-05 14:39:01.678] Trial 4 Start; Condition=FrameOnly
[2026-10-05 14:39:09.709] Trial 4 Stimulus Off
Trial Duration: 13.997 seconds
[2026-10-05 14:39:15.675] Trial 5 Start; Condition=Veridical
[2026-10-05 14:39:23.692] Trial 5 Stimulus Off
Trial Duration: 13.982 seconds
[2026-10-05 14:39:29.674] Trial 6 Start; Condition=FrameOnly
[2026-10-05 14:39:37.693] Trial 6 Stimulus Off
Trial Duration: 13.999 seconds
[2026-10-05 14:39:43.673] Trial 7 Start; Condition=FIPS
[2026-10-05 14:39:51.706] Trial 7 Stimulus Off
Trial Duration: 14.011 seconds
[2026-10-05 14:39:57.673] Trial 8 Start; Condition=Perceptual
[2026-10-05 14:40:05.706] Trial 8 Stimulus Off
Trial Duration: 13.999 seconds
[2026-10-05 14:40:11.671] Trial 9 Start; Condition=Perceptual
[2026-10-05 14:40:19.687] Trial 9 Stimulus Off
Trial Duration: 13.979 seconds
[2026-10-05 14:40:25.672] Trial 10 Start; Condition=Perceptual
9.7890 	EXP 	Created window1 = Window(allowGUI=False, allowStencil=False, autoLog=True, backendConf=UNKNOWN, backgroundFit=<method-wrapper '__getattribute__' of attributeSetter object at 0x000002F041D20EE0>, backgroundImage=<method-wrapper '__getattribute__' of attributeSetter object at 0x000002F041D20FD0>, bitsMode=UNKNOWN, blendMode='avg', bpc=(8, 8, 8), color=array([-1, -1, -1]), colorSpace='rgb', depthBits=8, fullscr=True, gamma=None, gammaErrorPolicy='raise', infoMsg=UNKNOWN, lms=UNKNOWN, monitor=<psychopy.monitors.calibTools.Monitor object at 0x000002F041B68CA0>, multiSample=False, name='window1', numSamples=2, pos=(0, 0), screen=0, size=array([1024,  768]), stencilBits=0, stereo=False, title='PsychoPy', units='pix', useFBO=False, useRetina=False, viewOri=0.0, viewPos=None, viewScale=None, waitBlanking=True, winType='pyglet')
9.7891 	EXP 	window1: backgroundImage = None
9.7891 	EXP 	window1: backgroundFit = 'cover'
11.6825 	DATA 	Keypress: return
11.9951 	DATA 	Keypress: return
12.3029 	DATA 	Keypress: return
13.4376 	DATA 	Keypress: 5
100.7448 	WARNING 	t of last frame was 19.77ms (=1/50)
116.6604 	WARNING 	t of last frame was 19.71ms (=1/50)
146.2236 	DATA 	Keypress: escape
ID: 99, Subject: PT, Experiment: FIPS, Session: scan, Run: 10
Actual display pixels = (np.int64(1024), np.int64(768))
Monitor: Scanner
Distance = 113.7 cm, Width = 35.4 cm
Pixel Width = 1024, Pixel Height = 768
Refresh Rate = 60 Hz
pRF render scale = 1.0; canvas = None
Run 10 started at 2026-10-05 14:41:10
Pre-run fixation baseline = 15.000 s
[2026-10-05 14:41:25.668] Trial 1 Start; Condition=Perceptual
[2026-10-05 14:41:33.702] Trial 1 Stimulus Off
Trial Duration: 23.043 seconds
[2026-10-05 14:41:39.668] Trial 2 Start; Condition=Veridical
[2026-10-05 14:41:47.700] Trial 2 Stimulus Off
Trial Duration: 13.996 seconds
[2026-10-05 14:41:53.665] Trial 3 Start; Condition=Veridical
[2026-10-05 14:42:01.683] Trial 3 Stimulus Off
Trial Duration: 13.982 seconds
[2026-10-05 14:42:07.665] Trial 4 Start; Condition=Perceptual
[2026-10-05 14:42:15.681] Trial 4 Stimulus Off
Trial Duration: 13.996 seconds
[2026-10-05 14:42:21.665] Trial 5 Start; Condition=FIPS
[2026-10-05 14:42:29.697] Trial 5 Stimulus Off
Trial Duration: 14.015 seconds
[2026-10-05 14:42:35.665] Trial 6 Start; Condition=FrameOnly
[2026-10-05 14:42:43.695] Trial 6 Stimulus Off
Trial Duration: 13.997 seconds
[2026-10-05 14:42:49.664] Trial 7 Start; Condition=FrameOnly
[2026-10-05 14:42:57.696] Trial 7 Stimulus Off
Trial Duration: 13.999 seconds
[2026-10-05 14:43:03.662] Trial 8 Start; Condition=FIPS
[2026-10-05 14:43:11.695] Trial 8 Stimulus Off
Trial Duration: 13.998 seconds
[2026-10-05 14:43:17.661] Trial 9 Start; Condition=Perceptual
[2026-10-05 14:43:25.692] Trial 9 Stimulus Off
Trial Duration: 13.996 seconds
[2026-10-05 14:43:31.661] Trial 10 Start; Condition=Perceptual
[2026-10-05 14:43:39.692] Trial 10 Stimulus Off
Trial Duration: 13.998 seconds
[2026-10-05 14:43:45.659] Trial 11 Start; Condition=FrameOnly
[2026-10-05 14:43:53.674] Trial 11 Stimulus Off
Trial Duration: 13.981 seconds
[2026-10-05 14:43:59.658] Trial 12 Start; Condition=FIPS
[2026-10-05 14:44:07.690] Trial 12 Stimulus Off
Trial Duration: 14.014 seconds
[2026-10-05 14:44:13.658] Trial 13 Start; Condition=Veridical
[2026-10-05 14:44:21.691] Trial 13 Stimulus Off
Trial Duration: 13.999 seconds
[2026-10-05 14:44:27.657] Trial 14 Start; Condition=FIPS
[2026-10-05 14:44:35.690] Trial 14 Stimulus Off
Trial Duration: 13.997 seconds
8.6353 	DATA 	Keypress: return
9.4321 	EXP 	Created window1 = Window(allowGUI=False, allowStencil=False, autoLog=True, backendConf=UNKNOWN, backgroundFit=<method-wrapper '__getattribute__' of attributeSetter object at 0x0000025BA98A2200>, backgroundImage=<method-wrapper '__getattribute__' of attributeSetter object at 0x0000025BA98A3CD0>, bitsMode=UNKNOWN, blendMode='avg', bpc=(8, 8, 8), color=array([-1, -1, -1]), colorSpace='rgb', depthBits=8, fullscr=True, gamma=None, gammaErrorPolicy='raise', infoMsg=UNKNOWN, lms=UNKNOWN, monitor=<psychopy.monitors.calibTools.Monitor object at 0x0000025BB4293C10>, multiSample=False, name='window1', numSamples=2, pos=(0, 0), screen=0, size=array([1024,  768]), stencilBits=0, stereo=False, title='PsychoPy', units='pix', useFBO=False, useRetina=False, viewOri=0.0, viewPos=None, viewScale=None, waitBlanking=True, winType='pyglet')
9.4321 	EXP 	window1: backgroundImage = None
9.4322 	EXP 	window1: backgroundFit = 'cover'
10.8036 	DATA 	Keypress: return
11.1818 	DATA 	Keypress: return
12.6526 	DATA 	Keypress: return
13.5163 	DATA 	Keypress: 5
169.8075 	WARNING 	t of last frame was 19.80ms (=1/50)
169.9575 	WARNING 	t of last frame was 20.04ms (=1/49)
204.0718 	WARNING 	t of last frame was 19.69ms (=1/50)
209.5536 	DATA 	Keypress: escape
ID: 99, Subject: PT, Experiment: FIPS, Session: scan, Run: 10
Actual display pixels = (np.int64(1024), np.int64(768))
Monitor: Scanner
Distance = 113.7 cm, Width = 35.4 cm
Pixel Width = 1024, Pixel Height = 768
Refresh Rate = 60 Hz
pRF render scale = 1.0; canvas = None
Run 10 started at 2026-10-05 14:50:39
Pre-run fixation baseline = 15.000 s
[2026-10-05 14:50:54.799] Trial 1 Start; Condition=FrameOnly
[2026-10-05 14:51:02.815] Trial 1 Stimulus Off
Trial Duration: 23.022 seconds
[2026-10-05 14:51:08.798] Trial 2 Start; Condition=FIPS
[2026-10-05 14:51:16.831] Trial 2 Stimulus Off
Trial Duration: 14.014 seconds
9.4967 	EXP 	Created window1 = Window(allowGUI=False, allowStencil=False, autoLog=True, backendConf=UNKNOWN, backgroundFit=<method-wrapper '__getattribute__' of attributeSetter object at 0x000002A33FF77700>, backgroundImage=<method-wrapper '__getattribute__' of attributeSetter object at 0x000002A33FF75E70>, bitsMode=UNKNOWN, blendMode='avg', bpc=(8, 8, 8), color=array([-1, -1, -1]), colorSpace='rgb', depthBits=8, fullscr=True, gamma=None, gammaErrorPolicy='raise', infoMsg=UNKNOWN, lms=UNKNOWN, monitor=<psychopy.monitors.calibTools.Monitor object at 0x000002A3417FA7D0>, multiSample=False, name='window1', numSamples=2, pos=(0, 0), screen=0, size=array([1024,  768]), stencilBits=0, stereo=False, title='PsychoPy', units='pix', useFBO=False, useRetina=False, viewOri=0.0, viewPos=None, viewScale=None, waitBlanking=True, winType='pyglet')
9.4967 	EXP 	window1: backgroundImage = None
9.4968 	EXP 	window1: backgroundFit = 'cover'
10.8042 	DATA 	Keypress: return
10.9679 	DATA 	Keypress: return
11.0940 	DATA 	Keypress: return
11.2224 	DATA 	Keypress: return
11.9510 	DATA 	Keypress: 5
42.7435 	DATA 	Keypress: escape
ID: 99, Subject: PT, Experiment: FIPS, Session: scan, Run: 10
Actual display pixels = (np.int64(1024), np.int64(768))
Monitor: Scanner
Distance = 113.7 cm, Width = 35.4 cm
Pixel Width = 1024, Pixel Height = 768
Refresh Rate = 60 Hz
pRF render scale = 1.0; canvas = None
Run 10 started at 2026-10-05 14:51:58
Pre-run fixation baseline = 15.000 s
[2026-10-05 14:52:13.927] Trial 1 Start; Condition=Veridical
[2026-10-05 14:52:21.943] Trial 1 Stimulus Off
Trial Duration: 23.019 seconds
[2026-10-05 14:52:27.926] Trial 2 Start; Condition=FIPS
[2026-10-05 14:52:35.960] Trial 2 Stimulus Off
Trial Duration: 14.016 seconds
[2026-10-05 14:52:41.926] Trial 3 Start; Condition=FrameOnly
[2026-10-05 14:52:49.957] Trial 3 Stimulus Off
Trial Duration: 13.996 seconds
[2026-10-05 14:52:55.925] Trial 4 Start; Condition=FIPS
[2026-10-05 14:53:03.940] Trial 4 Stimulus Off
Trial Duration: 13.981 seconds
[2026-10-05 14:53:09.924] Trial 5 Start; Condition=Perceptual
[2026-10-05 14:53:17.956] Trial 5 Stimulus Off
Trial Duration: 14.015 seconds
[2026-10-05 14:53:23.924] Trial 6 Start; Condition=FrameOnly
[2026-10-05 14:53:31.955] Trial 6 Stimulus Off
Trial Duration: 13.996 seconds
12.2885 	EXP 	Created window1 = Window(allowGUI=False, allowStencil=False, autoLog=True, backendConf=UNKNOWN, backgroundFit=<method-wrapper '__getattribute__' of attributeSetter object at 0x0000010F56705F60>, backgroundImage=<method-wrapper '__getattribute__' of attributeSetter object at 0x0000010F56705FC0>, bitsMode=UNKNOWN, blendMode='avg', bpc=(8, 8, 8), color=array([-1, -1, -1]), colorSpace='rgb', depthBits=8, fullscr=True, gamma=None, gammaErrorPolicy='raise', infoMsg=UNKNOWN, lms=UNKNOWN, monitor=<psychopy.monitors.calibTools.Monitor object at 0x0000010F499AC0A0>, multiSample=False, name='window1', numSamples=2, pos=(0, 0), screen=0, size=array([1024,  768]), stencilBits=0, stereo=False, title='PsychoPy', units='pix', useFBO=False, useRetina=False, viewOri=0.0, viewPos=None, viewScale=None, waitBlanking=True, winType='pyglet')
12.2886 	EXP 	window1: backgroundImage = None
12.2886 	EXP 	window1: backgroundFit = 'cover'
13.3250 	DATA 	Keypress: return
13.4860 	DATA 	Keypress: return
13.6120 	DATA 	Keypress: return
13.7475 	DATA 	Keypress: return
14.5948 	DATA 	Keypress: 5
93.3876 	DATA 	Keypress: escape
ID: 99, Subject: PT, Experiment: FIPS, Session: scan, Run: 10
Actual display pixels = (np.int64(1024), np.int64(768))
Monitor: Scanner
Distance = 113.7 cm, Width = 35.4 cm
Pixel Width = 1024, Pixel Height = 768
Refresh Rate = 60 Hz
pRF render scale = 1.0; canvas = None
Run 10 started at 2026-10-05 14:54:27
Pre-run fixation baseline = 15.000 s
[2026-10-05 14:54:42.499] Trial 1 Start; Condition=Perceptual
[2026-10-05 14:54:50.532] Trial 1 Stimulus Off
Trial Duration: 23.038 seconds
[2026-10-05 14:54:56.500] Trial 2 Start; Condition=Veridical
[2026-10-05 14:55:04.532] Trial 2 Stimulus Off
Trial Duration: 13.998 seconds
[2026-10-05 14:55:10.497] Trial 3 Start; Condition=FrameOnly
[2026-10-05 14:55:18.530] Trial 3 Stimulus Off
Trial Duration: 13.997 seconds
[2026-10-05 14:55:24.496] Trial 4 Start; Condition=FIPS
[2026-10-05 14:55:32.514] Trial 4 Stimulus Off
Trial Duration: 13.981 seconds
[2026-10-05 14:55:38.496] Trial 5 Start; Condition=Perceptual
[2026-10-05 14:55:46.528] Trial 5 Stimulus Off
Trial Duration: 14.012 seconds
[2026-10-05 14:55:52.495] Trial 6 Start; Condition=FrameOnly
34.2676 	EXP 	Created window1 = Window(allowGUI=False, allowStencil=False, autoLog=True, backendConf=UNKNOWN, backgroundFit=<method-wrapper '__getattribute__' of attributeSetter object at 0x00000248E8358DF0>, backgroundImage=<method-wrapper '__getattribute__' of attributeSetter object at 0x00000248E835BA60>, bitsMode=UNKNOWN, blendMode='avg', bpc=(8, 8, 8), color=array([-1, -1, -1]), colorSpace='rgb', depthBits=8, fullscr=True, gamma=None, gammaErrorPolicy='raise', infoMsg=UNKNOWN, lms=UNKNOWN, monitor=<psychopy.monitors.calibTools.Monitor object at 0x00000248F326EF20>, multiSample=False, name='window1', numSamples=2, pos=(0, 0), screen=0, size=array([1024,  768]), stencilBits=0, stereo=False, title='PsychoPy', units='pix', useFBO=False, useRetina=False, viewOri=0.0, viewPos=None, viewScale=None, waitBlanking=True, winType='pyglet')
34.2677 	EXP 	window1: backgroundImage = None
34.2677 	EXP 	window1: backgroundFit = 'cover'
36.3965 	DATA 	Keypress: return
36.5555 	DATA 	Keypress: return
36.7234 	DATA 	Keypress: return
37.7380 	DATA 	Keypress: 5
88.2571 	DATA 	Keypress: escape
